
> hotel-management-backend@0.1.0 test
> jest --runInBand src/services/__tests__/notificationService.test.ts

node.exe : FAIL src/services/__tests__/notificationService.test.ts
At line:1 char:1
+ & "C:\Program Files\nodejs/node.exe" "C:\Program Files\nodejs/node_mo ...
+ ~~~~~~~~~~~~~~~~~~~~~~~~~~~~~~~~~~~~~~~~~~~~~~~~~~~~~~~~~~~~~~~~~~~~~
    + CategoryInfo          : NotSpecified: (FAIL src/servic...Service.test.ts:String) [], RemoteEx 
   ception
    + FullyQualifiedErrorId : NativeCommandError
 
  notificationService
    sendNotification
      ├ù should persist notification to Firestore by default (3 ms)
      ÔêÜ should not persist to Firestore when persistToDashboard is false (1 ms)
      ÔêÜ should send email to recipient when recipientEmail is provided (1 ms)
      ÔêÜ should send SMS to recipient when recipientPhone is provided (1 ms)
      ÔêÜ should format phone numbers correctly (remove leading zero)
      ÔêÜ should format phone numbers correctly (9 digits without prefix) (1 ms)
      ÔêÜ should send admin notification when notifyAdmin is not false (1 ms)
      ÔêÜ should not send admin email when notifyAdmin is false
      ÔêÜ should not duplicate admin email when recipient is admin
      ├ù should use custom targetRoles when provided
      ├ù should include targetUserId when provided
      ├ù should sanitize MongoDB data (ObjectId) before storing
      ├ù should handle all notification types
      ├ù should continue if Firestore fails (Promise.allSettled) (2 ms)
      ├ù should continue if email fails (Promise.allSettled)
      ├ù should continue if SMS fails (Promise.allSettled)
      ├ù should skip SMS when TEXT_LK_API_KEY is not set (2 ms)
      ÔêÜ should skip email when SMTP_USER is not set

  ÔùÅ notificationService ÔÇ║ sendNotification ÔÇ║ should persist notification to Firestore by 
default

    TypeError: Cannot read properties of undefined (reading 'add')

    [0m [90m 72 |[39m   [36mif[39m (shouldPersist) {
     [90m 73 |[39m     tasks[33m.[39mpush(
    [31m[1m>[22m[39m[90m 74 |[39m       
db[33m.[39mcollection([32m'notifications'[39m)[33m.[39madd({
     [90m    |[39m                                     [31m[1m^[22m[39m
     [90m 75 |[39m         type[33m:[39m payload[33m.[39mtype[33m,[39m
     [90m 76 |[39m         title[33m:[39m payload[33m.[39mtitle[33m,[39m
     [90m 77 |[39m         message[33m:[39m payload[33m.[39mmessage[33m,[39m[0m

      at sendNotification (src/services/notificationService.ts:74:37)
      at Object.<anonymous> (src/services/__tests__/notificationService.test.ts:82:29)

  ÔùÅ notificationService ÔÇ║ sendNotification ÔÇ║ should use custom targetRoles when provided

    TypeError: Cannot read properties of undefined (reading 'add')

    [0m [90m 72 |[39m   [36mif[39m (shouldPersist) {
     [90m 73 |[39m     tasks[33m.[39mpush(
    [31m[1m>[22m[39m[90m 74 |[39m       
db[33m.[39mcollection([32m'notifications'[39m)[33m.[39madd({
     [90m    |[39m                                     [31m[1m^[22m[39m
     [90m 75 |[39m         type[33m:[39m payload[33m.[39mtype[33m,[39m
     [90m 76 |[39m         title[33m:[39m payload[33m.[39mtitle[33m,[39m
     [90m 77 |[39m         message[33m:[39m payload[33m.[39mmessage[33m,[39m[0m

      at sendNotification (src/services/notificationService.ts:74:37)
      at Object.<anonymous> (src/services/__tests__/notificationService.test.ts:249:29)

  ÔùÅ notificationService ÔÇ║ sendNotification ÔÇ║ should include targetUserId when provided

    TypeError: Cannot read properties of undefined (reading 'add')

    [0m [90m 72 |[39m   [36mif[39m (shouldPersist) {
     [90m 73 |[39m     tasks[33m.[39mpush(
    [31m[1m>[22m[39m[90m 74 |[39m       
db[33m.[39mcollection([32m'notifications'[39m)[33m.[39madd({
     [90m    |[39m                                     [31m[1m^[22m[39m
     [90m 75 |[39m         type[33m:[39m payload[33m.[39mtype[33m,[39m
     [90m 76 |[39m         title[33m:[39m payload[33m.[39mtitle[33m,[39m
     [90m 77 |[39m         message[33m:[39m payload[33m.[39mmessage[33m,[39m[0m

      at sendNotification (src/services/notificationService.ts:74:37)
      at Object.<anonymous> (src/services/__tests__/notificationService.test.ts:266:29)

  ÔùÅ notificationService ÔÇ║ sendNotification ÔÇ║ should sanitize MongoDB data (ObjectId) before 
storing

    TypeError: Cannot read properties of undefined (reading 'add')

    [0m [90m 72 |[39m   [36mif[39m (shouldPersist) {
     [90m 73 |[39m     tasks[33m.[39mpush(
    [31m[1m>[22m[39m[90m 74 |[39m       
db[33m.[39mcollection([32m'notifications'[39m)[33m.[39madd({
     [90m    |[39m                                     [31m[1m^[22m[39m
     [90m 75 |[39m         type[33m:[39m payload[33m.[39mtype[33m,[39m
     [90m 76 |[39m         title[33m:[39m payload[33m.[39mtitle[33m,[39m
     [90m 77 |[39m         message[33m:[39m payload[33m.[39mmessage[33m,[39m[0m

      at sendNotification (src/services/notificationService.ts:74:37)
      at Object.<anonymous> (src/services/__tests__/notificationService.test.ts:291:29)

  ÔùÅ notificationService ÔÇ║ sendNotification ÔÇ║ should handle all notification types

    TypeError: Cannot read properties of undefined (reading 'add')

    [0m [90m 72 |[39m   [36mif[39m (shouldPersist) {
     [90m 73 |[39m     tasks[33m.[39mpush(
    [31m[1m>[22m[39m[90m 74 |[39m       
db[33m.[39mcollection([32m'notifications'[39m)[33m.[39madd({
     [90m    |[39m                                     [31m[1m^[22m[39m
     [90m 75 |[39m         type[33m:[39m payload[33m.[39mtype[33m,[39m
     [90m 76 |[39m         title[33m:[39m payload[33m.[39mtitle[33m,[39m
     [90m 77 |[39m         message[33m:[39m payload[33m.[39mmessage[33m,[39m[0m

      at sendNotification (src/services/notificationService.ts:74:37)
      at Object.<anonymous> (src/services/__tests__/notificationService.test.ts:315:31)

  ÔùÅ notificationService ÔÇ║ sendNotification ÔÇ║ should continue if Firestore fails 
(Promise.allSettled)

    expect(received).resolves.not.toThrow()

    Received promise rejected instead of resolved
    Rejected to value: [TypeError: Cannot read properties of undefined (reading 'add')]

    [0m [90m 333 |[39m
     [90m 334 |[39m       [90m// Should not throw[39m
    [31m[1m>[22m[39m[90m 335 |[39m       [36mawait[39m 
expect(sendNotification(payload))[33m.[39mresolves[33m.[39mnot[33m.[39mtoThrow()[33m;[39m
     [90m     |[39m             [31m[1m^[22m[39m
     [90m 336 |[39m
     [90m 337 |[39m       [90m// Email should still be sent despite Firestore failure[39m
     [90m 338 |[39m       expect(mockSendMail)[33m.[39mtoHaveBeenCalled()[33m;[39m[0m

      at expect (node_modules/expect/build/index.js:113:15)
      at Object.<anonymous> (src/services/__tests__/notificationService.test.ts:335:13)

  ÔùÅ notificationService ÔÇ║ sendNotification ÔÇ║ should continue if email fails 
(Promise.allSettled)

    expect(received).resolves.not.toThrow()

    Received promise rejected instead of resolved
    Rejected to value: [TypeError: Cannot read properties of undefined (reading 'add')]

    [0m [90m 350 |[39m
     [90m 351 |[39m       [90m// Should not throw[39m
    [31m[1m>[22m[39m[90m 352 |[39m       [36mawait[39m 
expect(sendNotification(payload))[33m.[39mresolves[33m.[39mnot[33m.[39mtoThrow()[33m;[39m
     [90m     |[39m             [31m[1m^[22m[39m
     [90m 353 |[39m
     [90m 354 |[39m       [90m// Firestore should still be called despite email failure[39m
     [90m 355 |[39m       expect(mockFirestoreAdd)[33m.[39mtoHaveBeenCalled()[33m;[39m[0m

      at expect (node_modules/expect/build/index.js:113:15)
      at Object.<anonymous> (src/services/__tests__/notificationService.test.ts:352:13)

  ÔùÅ notificationService ÔÇ║ sendNotification ÔÇ║ should continue if SMS fails (Promise.allSettled)

    expect(received).resolves.not.toThrow()

    Received promise rejected instead of resolved
    Rejected to value: [TypeError: Cannot read properties of undefined (reading 'add')]

    [0m [90m 367 |[39m
     [90m 368 |[39m       [90m// Should not throw[39m
    [31m[1m>[22m[39m[90m 369 |[39m       [36mawait[39m 
expect(sendNotification(payload))[33m.[39mresolves[33m.[39mnot[33m.[39mtoThrow()[33m;[39m
     [90m     |[39m             [31m[1m^[22m[39m
     [90m 370 |[39m
     [90m 371 |[39m       [90m// Firestore should still be called despite SMS failure[39m
     [90m 372 |[39m       expect(mockFirestoreAdd)[33m.[39mtoHaveBeenCalled()[33m;[39m[0m

      at expect (node_modules/expect/build/index.js:113:15)
      at Object.<anonymous> (src/services/__tests__/notificationService.test.ts:369:13)

  ÔùÅ notificationService ÔÇ║ sendNotification ÔÇ║ should skip SMS when TEXT_LK_API_KEY is not set

    expect(jest.fn()).not.toHaveBeenCalled()

    Expected number of calls: 0
    Received number of calls: 1

    1: "https://app.text.lk/api/v3/sms/send", {"message": "Test message", "recipient": 
"94771234567", "sender_id": "TestSender", "type": "plain"}, {"headers": {"Authorization": "Bearer 
test-key", "Content-Type": "application/json"}}

    [0m [90m 389 |[39m
     [90m 390 |[39m       [90m// SMS should NOT be sent because TEXT_LK_API_KEY is not set[39m
    [31m[1m>[22m[39m[90m 391 |[39m       
expect(mockedAxios[33m.[39mpost)[33m.[39mnot[33m.[39mtoHaveBeenCalled()[33m;[39m
     [90m     |[39m                                    [31m[1m^[22m[39m
     [90m 392 |[39m       
     [90m 393 |[39m       [90m// Restore[39m
     [90m 394 |[39m       [36mif[39m (originalKey) 
process[33m.[39menv[33m.[39m[33mTEXT_LK_API_KEY[39m [33m=[39m originalKey[33m;[39m[0m

      at Object.<anonymous> (src/services/__tests__/notificationService.test.ts:391:36)

Test Suites: 1 failed, 1 total
Tests:       9 failed, 9 passed, 18 total
Snapshots:   0 total
Time:        2.836 s, estimated 3 s
Ran all test suites matching /src\\services\\__tests__\\notificationService.test.ts/i.
